// Jest Snapshot v1, https://goo.gl/fbAQLP

exports[`renders properly 1`] = `
<div>
  <h1>
    Courses
  </h1>
  <input
    className="btn btn-primary"
    onClick={[Function]}
    type="submit"
    value="Add course"
  />
   
  <button
    className="btn btn-primary"
    type="button"
  >
    5
  </button>
  <CourseList
    courses={Array []}
    currentPage={1}
    handlePageChange={[Function]}
    totalCourses={5}
  />
</div>
`;
