// Jest Snapshot v1, https://goo.gl/fbAQLP

exports[`<EmptyList /> render EmptyList component 1`] = `
<div>
  <p
    className="text-center"
  >
    <i
      className="fa fa-exclamation-circle "
    />
  </p>
  <p
    className="text-center"
  >
    There are no courses
  </p>
</div>
`;
