// Jest Snapshot v1, https://goo.gl/fbAQLP

exports[`<NotFoundPage /> render routes in the app 1`] = `
<div>
  <h1
    className="text-center"
  >
    Page not found
  </h1>
  <p
    className="text-center"
  >
    <Link
      replace={false}
      to="/"
    >
      Home
    </Link>
  </p>
</div>
`;
