// Jest Snapshot v1, https://goo.gl/fbAQLP

exports[`<AboutPage /> render routes in the app 1`] = `
<div>
  <h1>
    About
  </h1>
  <p>
    This application uses React, Redux, React router dom and other helpful libraries
  </p>
</div>
`;
